cargo : warning: profiles for the non 
root package will be ignored, specify 
profiles at the workspace root:
At line:1 char:1
+ cargo test --release -- 
memory::tests > test_output.txt 2>&1; 
type te ...
+ ~~~~~~~~~~~~~~~~~~~~~~~~~~~~~~~~~~~~~
~~~~~~~~~~~~~~~~~~~~~~~
    + CategoryInfo          : NotSpeci 
   fied: (warning: profil...workspace  
   root::String) [], RemoteException
    + FullyQualifiedErrorId : NativeCo 
   mmandError
 
package:   C:\Users\Acer\hust\Documents
\GitHub\ContribAI\crates\contribai-rs\C
argo.toml
workspace: C:\Users\Acer\hust\Documents
\GitHub\ContribAI\Cargo.toml
warning: unused variable: `feedback`
   --> crates\contribai-rs\src\pr\patro
l.rs:706:13
    |
706 |         let feedback = 
vec![FeedbackItem {
    |             ^^^^^^^^ help: if 
this is intentional, prefix it with an 
underscore: `_feedback`
    |
    = note: 
`#[warn(unused_variables)]` (part of 
`#[warn(unused)]`) on by default

warning: comparison is useless due to 
type limits
   --> crates\contribai-rs\src\core\lea
derboard.rs:266:45
    |
266 |             .all(|m| 
m.pr_url.is_empty() || m.pr_url.len() 
>= 0));
    |                                  
           ^^^^^^^^^^^^^^^^^^^
    |
    = note: 
`#[warn(unused_comparisons)]` on by 
default

warning: `contribai` (lib test) 
generated 2 warnings (run `cargo fix 
--lib -p contribai --tests` to apply 1 
suggestion)
    Finished `release` profile 
[optimized] target(s) in 0.41s
     Running unittests src\lib.rs (targ
et\release\deps\contribai-639ecf7c36f21
95f.exe)

running 14 tests
test orchestrator::memory::tests::test_pr_recording ... ok
test orchestrator::memory::tests::test_run_log ... ok
test orchestrator::memory::tests::test_dream_stats ... ok
test orchestrator::memory::tests::test_stats ... ok
test orchestrator::memory::tests::test_should_dream_gates ... ok
test orchestrator::memory::tests::test_analyzed_repos ... ok
test orchestrator::memory::tests::test_pr_status_update ... ok
test orchestrator::memory::tests::test_dream_consolidation ... ok
test orchestrator::memory::tests::test_outcome_learning ... ok
test orchestrator::memory::tests::test_session_counter ... ok
test orchestrator::memory::tests::test_leaderboard ... ok
test orchestrator::memory::tests::test_similar_context ... ok
test orchestrator::memory::tests::test_working_memory ... ok
test orchestrator::memory::tests::test_today_pr_count ... ok

test result: ok. 14 passed; 0 failed; 0 ignored; 0 measured; 328 filtered out; finished in 0.02s

     Running unittests src\main.rs (tar
get\release\deps\contribai-f7be3de2ae89
8e4e.exe)

running 0 tests

test result: ok. 0 passed; 0 failed; 0 ignored; 0 measured; 12 filtered out; finished in 0.00s

   Doc-tests contribai

running 0 tests

test result: ok. 0 passed; 0 failed; 0 ignored; 0 measured; 1 filtered out; finished in 0.00s

